---
source: tests/real_world.rs
expression: dump(AWS_CONFIG)
---
errors: none

ROOT
  COMMENT "# AWS CLI configuration file"
  NEWLINE "\n"
  COMMENT "# See: https://docs.aws.amazon.com/cli/latest/userguide/cli-configure-files.html"
  NEWLINE "\n"
  NEWLINE "\n"
  SECTION
    SECTION_HEADER
      L_BRACK "["
      IDENT "default"
      R_BRACK "]"
    NEWLINE "\n"
    ENTRY
      KEY
        IDENT "region"
      WHITESPACE " "
      EQ "="
      WHITESPACE " "
      VALUE
        VALUE_TEXT "us-east-1"
      NEWLINE "\n"
    ENTRY
      KEY
        IDENT "output"
      WHITESPACE " "
      EQ "="
      WHITESPACE " "
      VALUE
        VALUE_TEXT "json"
      NEWLINE "\n"
    ENTRY
      KEY
        IDENT "cli_pager"
      WHITESPACE " "
      EQ "="
      WHITESPACE " "
      VALUE
        VALUE_TEXT "less"
      NEWLINE "\n"
    ENTRY
      KEY
        IDENT "cli_auto_prompt"
      WHITESPACE " "
      EQ "="
      WHITESPACE " "
      VALUE
        VALUE_TEXT "on-partial"
      NEWLINE "\n"
    ENTRY
      KEY
        IDENT "retry_mode"
      WHITESPACE " "
      EQ "="
      WHITESPACE " "
      VALUE
        VALUE_TEXT "standard"
      NEWLINE "\n"
    ENTRY
      KEY
        IDENT "max_attempts"
      WHITESPACE " "
      EQ "="
      WHITESPACE " "
      VALUE
        VALUE_TEXT "3"
      NEWLINE "\n"
    NEWLINE "\n"
  SECTION
    SECTION_HEADER
      L_BRACK "["
      IDENT "profile dev"
      R_BRACK "]"
    NEWLINE "\n"
    ENTRY
      KEY
        IDENT "region"
      WHITESPACE " "
      EQ "="
      WHITESPACE " "
      VALUE
        VALUE_TEXT "us-west-2"
      NEWLINE "\n"
    ENTRY
      KEY
        IDENT "output"
      WHITESPACE " "
      EQ "="
      WHITESPACE " "
      VALUE
        VALUE_TEXT "yaml"
      NEWLINE "\n"
    ENTRY
      KEY
        IDENT "role_arn"
      WHITESPACE " "
      EQ "="
      WHITESPACE " "
      VALUE
        VALUE_TEXT "arn:aws:iam::123456789012:role/DevRole"
      NEWLINE "\n"
    ENTRY
      KEY
        IDENT "source_profile"
      WHITESPACE " "
      EQ "="
      WHITESPACE " "
      VALUE
        VALUE_TEXT "default"
      NEWLINE "\n"
    ENTRY
      KEY
        IDENT "duration_seconds"
      WHITESPACE " "
      EQ "="
      WHITESPACE " "
      VALUE
        VALUE_TEXT "3600"
      NEWLINE "\n"
    NEWLINE "\n"
  SECTION
    SECTION_HEADER
      L_BRACK "["
      IDENT "profile staging"
      R_BRACK "]"
    NEWLINE "\n"
    ENTRY
      KEY
        IDENT "region"
      WHITESPACE " "
      EQ "="
      WHITESPACE " "
      VALUE
        VALUE_TEXT "eu-west-1"
      NEWLINE "\n"
    ENTRY
      KEY
        IDENT "output"
      WHITESPACE " "
      EQ "="
      WHITESPACE " "
      VALUE
        VALUE_TEXT "json"
      NEWLINE "\n"
    ENTRY
      KEY
        IDENT "role_arn"
      WHITESPACE " "
      EQ "="
      WHITESPACE " "
      VALUE
        VALUE_TEXT "arn:aws:iam::987654321098:role/StagingRole"
      NEWLINE "\n"
    ENTRY
      KEY
        IDENT "source_profile"
      WHITESPACE " "
      EQ "="
      WHITESPACE " "
      VALUE
        VALUE_TEXT "default"
      NEWLINE "\n"
    ENTRY
      KEY
        IDENT "mfa_serial"
      WHITESPACE " "
      EQ "="
      WHITESPACE " "
      VALUE
        VALUE_TEXT "arn:aws:iam::123456789012:mfa/jane"
      NEWLINE "\n"
    ENTRY
      KEY
        IDENT "cli_pager"
      WHITESPACE " "
      EQ "="
      VALUE
      NEWLINE "\n"
    NEWLINE "\n"
  SECTION
    SECTION_HEADER
      L_BRACK "["
      IDENT "profile production"
      R_BRACK "]"
    NEWLINE "\n"
    ENTRY
      KEY
        IDENT "region"
      WHITESPACE " "
      EQ "="
      WHITESPACE " "
      VALUE
        VALUE_TEXT "us-east-1"
      NEWLINE "\n"
    ENTRY
      KEY
        IDENT "output"
      WHITESPACE " "
      EQ "="
      WHITESPACE " "
      VALUE
        VALUE_TEXT "json"
      NEWLINE "\n"
    ENTRY
      KEY
        IDENT "role_arn"
      WHITESPACE " "
      EQ "="
      WHITESPACE " "
      VALUE
        VALUE_TEXT "arn:aws:iam::111222333444:role/ProdReadOnly"
      NEWLINE "\n"
    ENTRY
      KEY
        IDENT "source_profile"
      WHITESPACE " "
      EQ "="
      WHITESPACE " "
      VALUE
        VALUE_TEXT "default"
      NEWLINE "\n"
    ENTRY
      KEY
        IDENT "mfa_serial"
      WHITESPACE " "
      EQ "="
      WHITESPACE " "
      VALUE
        VALUE_TEXT "arn:aws:iam::123456789012:mfa/jane"
      NEWLINE "\n"
    ENTRY
      KEY
        IDENT "duration_seconds"
      WHITESPACE " "
      EQ "="
      WHITESPACE " "
      VALUE
        VALUE_TEXT "900"
      NEWLINE "\n"
    NEWLINE "\n"
  SECTION
    SECTION_HEADER
      L_BRACK "["
      IDENT "profile sso-dev"
      R_BRACK "]"
    NEWLINE "\n"
    ENTRY
      KEY
        IDENT "sso_start_url"
      WHITESPACE " "
      EQ "="
      WHITESPACE " "
      VALUE
        VALUE_TEXT "https://my-company.awsapps.com/start"
      NEWLINE "\n"
    ENTRY
      KEY
        IDENT "sso_region"
      WHITESPACE " "
      EQ "="
      WHITESPACE " "
      VALUE
        VALUE_TEXT "us-east-1"
      NEWLINE "\n"
    ENTRY
      KEY
        IDENT "sso_account_id"
      WHITESPACE " "
      EQ "="
      WHITESPACE " "
      VALUE
        VALUE_TEXT "123456789012"
      NEWLINE "\n"
    ENTRY
      KEY
        IDENT "sso_role_name"
      WHITESPACE " "
      EQ "="
      WHITESPACE " "
      VALUE
        VALUE_TEXT "DeveloperAccess"
      NEWLINE "\n"
    ENTRY
      KEY
        IDENT "region"
      WHITESPACE " "
      EQ "="
      WHITESPACE " "
      VALUE
        VALUE_TEXT "us-west-2"
      NEWLINE "\n"
    ENTRY
      KEY
        IDENT "output"
      WHITESPACE " "
      EQ "="
      WHITESPACE " "
      VALUE
        VALUE_TEXT "json"
      NEWLINE "\n"
    NEWLINE "\n"
  SECTION
    SECTION_HEADER
      L_BRACK "["
      IDENT "profile cross-account"
      R_BRACK "]"
    NEWLINE "\n"
    ENTRY
      KEY
        IDENT "role_arn"
      WHITESPACE " "
      EQ "="
      WHITESPACE " "
      VALUE
        VALUE_TEXT "arn:aws:iam::555666777888:role/CrossAccountRole"
      NEWLINE "\n"
    ENTRY
      KEY
        IDENT "credential_source"
      WHITESPACE " "
      EQ "="
      WHITESPACE " "
      VALUE
        VALUE_TEXT "Environment"
      NEWLINE "\n"
    NEWLINE "\n"
  SECTION
    SECTION_HEADER
      L_BRACK "["
      IDENT "profile ec2-instance"
      R_BRACK "]"
    NEWLINE "\n"
    ENTRY
      KEY
        IDENT "credential_source"
      WHITESPACE " "
      EQ "="
      WHITESPACE " "
      VALUE
        VALUE_TEXT "Ec2InstanceMetadata"
      NEWLINE "\n"
    ENTRY
      KEY
        IDENT "region"
      WHITESPACE " "
      EQ "="
      WHITESPACE " "
      VALUE
        VALUE_TEXT "ap-southeast-1"
      NEWLINE "\n"
    NEWLINE "\n"
  SECTION
    SECTION_HEADER
      L_BRACK "["
      IDENT "profile with-endpoint"
      R_BRACK "]"
    NEWLINE "\n"
    ENTRY
      KEY
        IDENT "region"
      WHITESPACE " "
      EQ "="
      WHITESPACE " "
      VALUE
        VALUE_TEXT "us-east-1"
      NEWLINE "\n"
    ENTRY
      KEY
        IDENT "endpoint_url"
      WHITESPACE " "
      EQ "="
      WHITESPACE " "
      VALUE
        VALUE_TEXT "http://localhost:4566"
      NEWLINE "\n"
    ENTRY
      KEY
        IDENT "s3"
      WHITESPACE " "
      EQ "="
      VALUE
      NEWLINE "\n"
    WHITESPACE "    "
    ENTRY
      KEY
        IDENT "addressing_style"
      WHITESPACE " "
      EQ "="
      WHITESPACE " "
      VALUE
        VALUE_TEXT "path"
      NEWLINE "\n"
    WHITESPACE "    "
    ENTRY
      KEY
        IDENT "multipart_threshold"
      WHITESPACE " "
      EQ "="
      WHITESPACE " "
      VALUE
        VALUE_TEXT "64MB"
      NEWLINE "\n"
