---
source: tests/real_world.rs
expression: dump(GITCONFIG)
---
errors: none

ROOT
  COMMENT_LINE
    COMMENT "# This is Git's per-user configuration file."
    NEWLINE "\n"
  SECTION
    SECTION_HEADER
      L_BRACK "["
      IDENT "user"
      R_BRACK "]"
      NEWLINE "\n"
    ENTRY
      WHITESPACE "\t"
      KEY
        IDENT "name"
      WHITESPACE " "
      EQ "="
      WHITESPACE " "
      VALUE
        VALUE_TEXT "Jane Developer"
      NEWLINE "\n"
    ENTRY
      WHITESPACE "\t"
      KEY
        IDENT "email"
      WHITESPACE " "
      EQ "="
      WHITESPACE " "
      VALUE
        VALUE_TEXT "jane@example.com"
      NEWLINE "\n"
    ENTRY
      WHITESPACE "\t"
      KEY
        IDENT "signingkey"
      WHITESPACE " "
      EQ "="
      WHITESPACE " "
      VALUE
        VALUE_TEXT "ABCDEF1234567890"
      NEWLINE "\n"
    BLANK_LINE
      NEWLINE "\n"
  SECTION
    SECTION_HEADER
      L_BRACK "["
      IDENT "core"
      R_BRACK "]"
      NEWLINE "\n"
    ENTRY
      WHITESPACE "\t"
      KEY
        IDENT "editor"
      WHITESPACE " "
      EQ "="
      WHITESPACE " "
      VALUE
        VALUE_TEXT "nvim"
      NEWLINE "\n"
    ENTRY
      WHITESPACE "\t"
      KEY
        IDENT "autocrlf"
      WHITESPACE " "
      EQ "="
      WHITESPACE " "
      VALUE
        VALUE_TEXT "input"
      NEWLINE "\n"
    ENTRY
      WHITESPACE "\t"
      KEY
        IDENT "whitespace"
      WHITESPACE " "
      EQ "="
      WHITESPACE " "
      VALUE
        VALUE_TEXT "fix,-indent-with-non-tab,trailing-space,cr-at-eol"
      NEWLINE "\n"
    ENTRY
      WHITESPACE "\t"
      KEY
        IDENT "pager"
      WHITESPACE " "
      EQ "="
      WHITESPACE " "
      VALUE
        VALUE_TEXT "delta"
      NEWLINE "\n"
    ENTRY
      WHITESPACE "\t"
      KEY
        IDENT "excludesfile"
      WHITESPACE " "
      EQ "="
      WHITESPACE " "
      VALUE
        VALUE_TEXT "~/.gitignore_global"
      NEWLINE "\n"
    ENTRY
      WHITESPACE "\t"
      KEY
        IDENT "attributesfile"
      WHITESPACE " "
      EQ "="
      WHITESPACE " "
      VALUE
        VALUE_TEXT "~/.gitattributes"
      NEWLINE "\n"
    BLANK_LINE
      NEWLINE "\n"
  SECTION
    SECTION_HEADER
      L_BRACK "["
      IDENT "init"
      R_BRACK "]"
      NEWLINE "\n"
    ENTRY
      WHITESPACE "\t"
      KEY
        IDENT "defaultBranch"
      WHITESPACE " "
      EQ "="
      WHITESPACE " "
      VALUE
        VALUE_TEXT "main"
      NEWLINE "\n"
    BLANK_LINE
      NEWLINE "\n"
  SECTION
    SECTION_HEADER
      L_BRACK "["
      IDENT "color"
      R_BRACK "]"
      NEWLINE "\n"
    ENTRY
      WHITESPACE "\t"
      KEY
        IDENT "ui"
      WHITESPACE " "
      EQ "="
      WHITESPACE " "
      VALUE
        VALUE_TEXT "auto"
      NEWLINE "\n"
    BLANK_LINE
      NEWLINE "\n"
  SECTION
    SECTION_HEADER
      L_BRACK "["
      IDENT "color \"branch\""
      R_BRACK "]"
      NEWLINE "\n"
    ENTRY
      WHITESPACE "\t"
      KEY
        IDENT "current"
      WHITESPACE " "
      EQ "="
      WHITESPACE " "
      VALUE
        VALUE_TEXT "yellow reverse"
      NEWLINE "\n"
    ENTRY
      WHITESPACE "\t"
      KEY
        IDENT "local"
      WHITESPACE " "
      EQ "="
      WHITESPACE " "
      VALUE
        VALUE_TEXT "yellow"
      NEWLINE "\n"
    ENTRY
      WHITESPACE "\t"
      KEY
        IDENT "remote"
      WHITESPACE " "
      EQ "="
      WHITESPACE " "
      VALUE
        VALUE_TEXT "green"
      NEWLINE "\n"
    BLANK_LINE
      NEWLINE "\n"
  SECTION
    SECTION_HEADER
      L_BRACK "["
      IDENT "color \"diff\""
      R_BRACK "]"
      NEWLINE "\n"
    ENTRY
      WHITESPACE "\t"
      KEY
        IDENT "meta"
      WHITESPACE " "
      EQ "="
      WHITESPACE " "
      VALUE
        VALUE_TEXT "yellow bold"
      NEWLINE "\n"
    ENTRY
      WHITESPACE "\t"
      KEY
        IDENT "frag"
      WHITESPACE " "
      EQ "="
      WHITESPACE " "
      VALUE
        VALUE_TEXT "magenta bold"
      NEWLINE "\n"
    ENTRY
      WHITESPACE "\t"
      KEY
        IDENT "old"
      WHITESPACE " "
      EQ "="
      WHITESPACE " "
      VALUE
        VALUE_TEXT "red bold"
      NEWLINE "\n"
    ENTRY
      WHITESPACE "\t"
      KEY
        IDENT "new"
      WHITESPACE " "
      EQ "="
      WHITESPACE " "
      VALUE
        VALUE_TEXT "green bold"
      NEWLINE "\n"
    BLANK_LINE
      NEWLINE "\n"
  SECTION
    SECTION_HEADER
      L_BRACK "["
      IDENT "color \"status\""
      R_BRACK "]"
      NEWLINE "\n"
    ENTRY
      WHITESPACE "\t"
      KEY
        IDENT "added"
      WHITESPACE " "
      EQ "="
      WHITESPACE " "
      VALUE
        VALUE_TEXT "yellow"
      NEWLINE "\n"
    ENTRY
      WHITESPACE "\t"
      KEY
        IDENT "changed"
      WHITESPACE " "
      EQ "="
      WHITESPACE " "
      VALUE
        VALUE_TEXT "green"
      NEWLINE "\n"
    ENTRY
      WHITESPACE "\t"
      KEY
        IDENT "untracked"
      WHITESPACE " "
      EQ "="
      WHITESPACE " "
      VALUE
        VALUE_TEXT "cyan"
      NEWLINE "\n"
    BLANK_LINE
      NEWLINE "\n"
  SECTION
    SECTION_HEADER
      L_BRACK "["
      IDENT "push"
      R_BRACK "]"
      NEWLINE "\n"
    ENTRY
      WHITESPACE "\t"
      KEY
        IDENT "default"
      WHITESPACE " "
      EQ "="
      WHITESPACE " "
      VALUE
        VALUE_TEXT "current"
      NEWLINE "\n"
    ENTRY
      WHITESPACE "\t"
      KEY
        IDENT "autoSetupRemote"
      WHITESPACE " "
      EQ "="
      WHITESPACE " "
      VALUE
        VALUE_TEXT "true"
      NEWLINE "\n"
    BLANK_LINE
      NEWLINE "\n"
  SECTION
    SECTION_HEADER
      L_BRACK "["
      IDENT "pull"
      R_BRACK "]"
      NEWLINE "\n"
    ENTRY
      WHITESPACE "\t"
      KEY
        IDENT "rebase"
      WHITESPACE " "
      EQ "="
      WHITESPACE " "
      VALUE
        VALUE_TEXT "true"
      NEWLINE "\n"
    BLANK_LINE
      NEWLINE "\n"
  SECTION
    SECTION_HEADER
      L_BRACK "["
      IDENT "fetch"
      R_BRACK "]"
      NEWLINE "\n"
    ENTRY
      WHITESPACE "\t"
      KEY
        IDENT "prune"
      WHITESPACE " "
      EQ "="
      WHITESPACE " "
      VALUE
        VALUE_TEXT "true"
      NEWLINE "\n"
    BLANK_LINE
      NEWLINE "\n"
  SECTION
    SECTION_HEADER
      L_BRACK "["
      IDENT "rebase"
      R_BRACK "]"
      NEWLINE "\n"
    ENTRY
      WHITESPACE "\t"
      KEY
        IDENT "autoStash"
      WHITESPACE " "
      EQ "="
      WHITESPACE " "
      VALUE
        VALUE_TEXT "true"
      NEWLINE "\n"
    BLANK_LINE
      NEWLINE "\n"
  SECTION
    SECTION_HEADER
      L_BRACK "["
      IDENT "merge"
      R_BRACK "]"
      NEWLINE "\n"
    ENTRY
      WHITESPACE "\t"
      KEY
        IDENT "conflictstyle"
      WHITESPACE " "
      EQ "="
      WHITESPACE " "
      VALUE
        VALUE_TEXT "diff3"
      NEWLINE "\n"
    ENTRY
      WHITESPACE "\t"
      KEY
        IDENT "tool"
      WHITESPACE " "
      EQ "="
      WHITESPACE " "
      VALUE
        VALUE_TEXT "nvim"
      NEWLINE "\n"
    BLANK_LINE
      NEWLINE "\n"
  SECTION
    SECTION_HEADER
      L_BRACK "["
      IDENT "mergetool \"nvim\""
      R_BRACK "]"
      NEWLINE "\n"
    ENTRY
      WHITESPACE "\t"
      KEY
        IDENT "cmd"
      WHITESPACE " "
      EQ "="
      WHITESPACE " "
      VALUE
        VALUE_TEXT "nvim -d $LOCAL $REMOTE $MERGED -c '$wincmd w' -c 'wincmd J'"
      NEWLINE "\n"
    BLANK_LINE
      NEWLINE "\n"
  SECTION
    SECTION_HEADER
      L_BRACK "["
      IDENT "diff"
      R_BRACK "]"
      NEWLINE "\n"
    ENTRY
      WHITESPACE "\t"
      KEY
        IDENT "algorithm"
      WHITESPACE " "
      EQ "="
      WHITESPACE " "
      VALUE
        VALUE_TEXT "histogram"
      NEWLINE "\n"
    ENTRY
      WHITESPACE "\t"
      KEY
        IDENT "colorMoved"
      WHITESPACE " "
      EQ "="
      WHITESPACE " "
      VALUE
        VALUE_TEXT "default"
      NEWLINE "\n"
    BLANK_LINE
      NEWLINE "\n"
  SECTION
    SECTION_HEADER
      L_BRACK "["
      IDENT "alias"
      R_BRACK "]"
      NEWLINE "\n"
    ENTRY
      WHITESPACE "\t"
      KEY
        IDENT "st"
      WHITESPACE " "
      EQ "="
      WHITESPACE " "
      VALUE
        VALUE_TEXT "status"
      NEWLINE "\n"
    ENTRY
      WHITESPACE "\t"
      KEY
        IDENT "co"
      WHITESPACE " "
      EQ "="
      WHITESPACE " "
      VALUE
        VALUE_TEXT "checkout"
      NEWLINE "\n"
    ENTRY
      WHITESPACE "\t"
      KEY
        IDENT "br"
      WHITESPACE " "
      EQ "="
      WHITESPACE " "
      VALUE
        VALUE_TEXT "branch"
      NEWLINE "\n"
    ENTRY
      WHITESPACE "\t"
      KEY
        IDENT "ci"
      WHITESPACE " "
      EQ "="
      WHITESPACE " "
      VALUE
        VALUE_TEXT "commit"
      NEWLINE "\n"
    ENTRY
      WHITESPACE "\t"
      KEY
        IDENT "lg"
      WHITESPACE " "
      EQ "="
      WHITESPACE " "
      VALUE
        VALUE_TEXT "log --graph --pretty=format:'%Cred%h%Creset -%C(yellow)%d%Creset %s %Cgreen(%cr) %C(bold blue)<%an>%Creset' --abbrev-commit"
      NEWLINE "\n"
    ENTRY
      WHITESPACE "\t"
      KEY
        IDENT "unstage"
      WHITESPACE " "
      EQ "="
      WHITESPACE " "
      VALUE
        VALUE_TEXT "reset HEAD --"
      NEWLINE "\n"
    ENTRY
      WHITESPACE "\t"
      KEY
        IDENT "last"
      WHITESPACE " "
      EQ "="
      WHITESPACE " "
      VALUE
        VALUE_TEXT "log -1 HEAD"
      NEWLINE "\n"
    ENTRY
      WHITESPACE "\t"
      KEY
        IDENT "amend"
      WHITESPACE " "
      EQ "="
      WHITESPACE " "
      VALUE
        VALUE_TEXT "commit --amend --no-edit"
      NEWLINE "\n"
    ENTRY
      WHITESPACE "\t"
      KEY
        IDENT "wip"
      WHITESPACE " "
      EQ "="
      WHITESPACE " "
      VALUE
        VALUE_TEXT "!git add -A && git commit -m \"WIP\""
      NEWLINE "\n"
    ENTRY
      WHITESPACE "\t"
      KEY
        IDENT "undo"
      WHITESPACE " "
      EQ "="
      WHITESPACE " "
      VALUE
        VALUE_TEXT "reset --soft HEAD~1"
      NEWLINE "\n"
    BLANK_LINE
      NEWLINE "\n"
  SECTION
    SECTION_HEADER
      L_BRACK "["
      IDENT "url \"git@github.com:\""
      R_BRACK "]"
      NEWLINE "\n"
    ENTRY
      WHITESPACE "\t"
      KEY
        IDENT "insteadOf"
      WHITESPACE " "
      EQ "="
      WHITESPACE " "
      VALUE
        VALUE_TEXT "https://github.com/"
      NEWLINE "\n"
    BLANK_LINE
      NEWLINE "\n"
  SECTION
    SECTION_HEADER
      L_BRACK "["
      IDENT "remote \"origin\""
      R_BRACK "]"
      NEWLINE "\n"
    ENTRY
      WHITESPACE "\t"
      KEY
        IDENT "url"
      WHITESPACE " "
      EQ "="
      WHITESPACE " "
      VALUE
        VALUE_TEXT "git@github.com:user/repo.git"
      NEWLINE "\n"
    ENTRY
      WHITESPACE "\t"
      KEY
        IDENT "fetch"
      WHITESPACE " "
      EQ "="
      WHITESPACE " "
      VALUE
        VALUE_TEXT "+refs/heads/*:refs/remotes/origin/*"
      NEWLINE "\n"
    BLANK_LINE
      NEWLINE "\n"
  SECTION
    SECTION_HEADER
      L_BRACK "["
      IDENT "branch \"main\""
      R_BRACK "]"
      NEWLINE "\n"
    ENTRY
      WHITESPACE "\t"
      KEY
        IDENT "remote"
      WHITESPACE " "
      EQ "="
      WHITESPACE " "
      VALUE
        VALUE_TEXT "origin"
      NEWLINE "\n"
    ENTRY
      WHITESPACE "\t"
      KEY
        IDENT "merge"
      WHITESPACE " "
      EQ "="
      WHITESPACE " "
      VALUE
        VALUE_TEXT "refs/heads/main"
      NEWLINE "\n"
    BLANK_LINE
      NEWLINE "\n"
  SECTION
    SECTION_HEADER
      L_BRACK "["
      IDENT "filter \"lfs\""
      R_BRACK "]"
      NEWLINE "\n"
    ENTRY
      WHITESPACE "\t"
      KEY
        IDENT "clean"
      WHITESPACE " "
      EQ "="
      WHITESPACE " "
      VALUE
        VALUE_TEXT "git-lfs clean -- %f"
      NEWLINE "\n"
    ENTRY
      WHITESPACE "\t"
      KEY
        IDENT "smudge"
      WHITESPACE " "
      EQ "="
      WHITESPACE " "
      VALUE
        VALUE_TEXT "git-lfs smudge -- %f"
      NEWLINE "\n"
    ENTRY
      WHITESPACE "\t"
      KEY
        IDENT "process"
      WHITESPACE " "
      EQ "="
      WHITESPACE " "
      VALUE
        VALUE_TEXT "git-lfs filter-process"
      NEWLINE "\n"
    ENTRY
      WHITESPACE "\t"
      KEY
        IDENT "required"
      WHITESPACE " "
      EQ "="
      WHITESPACE " "
      VALUE
        VALUE_TEXT "true"
      NEWLINE "\n"
    BLANK_LINE
      NEWLINE "\n"
  SECTION
    SECTION_HEADER
      L_BRACK "["
      IDENT "credential"
      R_BRACK "]"
      NEWLINE "\n"
    ENTRY
      WHITESPACE "\t"
      KEY
        IDENT "helper"
      WHITESPACE " "
      EQ "="
      WHITESPACE " "
      VALUE
        VALUE_TEXT "osxkeychain"
      NEWLINE "\n"
    BLANK_LINE
      NEWLINE "\n"
  SECTION
    SECTION_HEADER
      L_BRACK "["
      IDENT "gpg"
      R_BRACK "]"
      NEWLINE "\n"
    ENTRY
      WHITESPACE "\t"
      KEY
        IDENT "program"
      WHITESPACE " "
      EQ "="
      WHITESPACE " "
      VALUE
        VALUE_TEXT "gpg2"
      NEWLINE "\n"
    BLANK_LINE
      NEWLINE "\n"
  SECTION
    SECTION_HEADER
      L_BRACK "["
      IDENT "commit"
      R_BRACK "]"
      NEWLINE "\n"
    ENTRY
      WHITESPACE "\t"
      KEY
        IDENT "gpgsign"
      WHITESPACE " "
      EQ "="
      WHITESPACE " "
      VALUE
        VALUE_TEXT "true"
      NEWLINE "\n"
    BLANK_LINE
      NEWLINE "\n"
  SECTION
    SECTION_HEADER
      L_BRACK "["
      IDENT "delta"
      R_BRACK "]"
      NEWLINE "\n"
    ENTRY
      WHITESPACE "\t"
      KEY
        IDENT "navigate"
      WHITESPACE " "
      EQ "="
      WHITESPACE " "
      VALUE
        VALUE_TEXT "true"
      NEWLINE "\n"
    ENTRY
      WHITESPACE "\t"
      KEY
        IDENT "light"
      WHITESPACE " "
      EQ "="
      WHITESPACE " "
      VALUE
        VALUE_TEXT "false"
      NEWLINE "\n"
    ENTRY
      WHITESPACE "\t"
      KEY
        IDENT "line-numbers"
      WHITESPACE " "
      EQ "="
      WHITESPACE " "
      VALUE
        VALUE_TEXT "true"
      NEWLINE "\n"
