---
source: tests/snapshots_test.rs
expression: "tree(\"[セクション]\\nキー = 値\\n\")"
---
ROOT 0..31
  SECTION 0..31
    SECTION_HEADER 0..17
      L_BRACK 0..1 "["
      IDENT 1..16 "セクション"
      R_BRACK 16..17 "]"
    NEWLINE 17..18 "\n"
    ENTRY 18..31
      KEY 18..24
        IDENT 18..24 "キー"
      WHITESPACE 24..25 " "
      EQ 25..26 "="
      WHITESPACE 26..27 " "
      VALUE 27..30
        VALUE_TEXT 27..30 "値"
      NEWLINE 30..31 "\n"
